Archive member included to satisfy reference by file (symbol)

d:/programs/stm32cubeide_1.9.0/stm32cubeide/plugins/com.st.stm32cube.ide.mcu.externaltools.gnu-tools-for-stm32.10.3-2021.10.win32_1.0.0.202111181127/tools/bin/../lib/gcc/arm-none-eabi/10.3.1/../../../../arm-none-eabi/lib/thumb/v7e-m+fp/hard\libc_nano.a(lib_a-errno.o)
                              ./Core/Src/syscalls.o (__errno)
d:/programs/stm32cubeide_1.9.0/stm32cubeide/plugins/com.st.stm32cube.ide.mcu.externaltools.gnu-tools-for-stm32.10.3-2021.10.win32_1.0.0.202111181127/tools/bin/../lib/gcc/arm-none-eabi/10.3.1/../../../../arm-none-eabi/lib/thumb/v7e-m+fp/hard\libc_nano.a(lib_a-exit.o)
                              d:/programs/stm32cubeide_1.9.0/stm32cubeide/plugins/com.st.stm32cube.ide.mcu.externaltools.gnu-tools-for-stm32.10.3-2021.10.win32_1.0.0.202111181127/tools/bin/../lib/gcc/arm-none-eabi/10.3.1/../../../../arm-none-eabi/lib/thumb/v7e-m+fp/hard/crt0.o (exit)
d:/programs/stm32cubeide_1.9.0/stm32cubeide/plugins/com.st.stm32cube.ide.mcu.externaltools.gnu-tools-for-stm32.10.3-2021.10.win32_1.0.0.202111181127/tools/bin/../lib/gcc/arm-none-eabi/10.3.1/../../../../arm-none-eabi/lib/thumb/v7e-m+fp/hard\libc_nano.a(lib_a-impure.o)
                              d:/programs/stm32cubeide_1.9.0/stm32cubeide/plugins/com.st.stm32cube.ide.mcu.externaltools.gnu-tools-for-stm32.10.3-2021.10.win32_1.0.0.202111181127/tools/bin/../lib/gcc/arm-none-eabi/10.3.1/../../../../arm-none-eabi/lib/thumb/v7e-m+fp/hard\libc_nano.a(lib_a-exit.o) (_global_impure_ptr)
d:/programs/stm32cubeide_1.9.0/stm32cubeide/plugins/com.st.stm32cube.ide.mcu.externaltools.gnu-tools-for-stm32.10.3-2021.10.win32_1.0.0.202111181127/tools/bin/../lib/gcc/arm-none-eabi/10.3.1/../../../../arm-none-eabi/lib/thumb/v7e-m+fp/hard\libc_nano.a(lib_a-init.o)
                              d:/programs/stm32cubeide_1.9.0/stm32cubeide/plugins/com.st.stm32cube.ide.mcu.externaltools.gnu-tools-for-stm32.10.3-2021.10.win32_1.0.0.202111181127/tools/bin/../lib/gcc/arm-none-eabi/10.3.1/../../../../arm-none-eabi/lib/thumb/v7e-m+fp/hard/crt0.o (__libc_init_array)
d:/programs/stm32cubeide_1.9.0/stm32cubeide/plugins/com.st.stm32cube.ide.mcu.externaltools.gnu-tools-for-stm32.10.3-2021.10.win32_1.0.0.202111181127/tools/bin/../lib/gcc/arm-none-eabi/10.3.1/../../../../arm-none-eabi/lib/thumb/v7e-m+fp/hard\libc_nano.a(lib_a-memset.o)
                              d:/programs/stm32cubeide_1.9.0/stm32cubeide/plugins/com.st.stm32cube.ide.mcu.externaltools.gnu-tools-for-stm32.10.3-2021.10.win32_1.0.0.202111181127/tools/bin/../lib/gcc/arm-none-eabi/10.3.1/../../../../arm-none-eabi/lib/thumb/v7e-m+fp/hard/crt0.o (memset)
d:/programs/stm32cubeide_1.9.0/stm32cubeide/plugins/com.st.stm32cube.ide.mcu.externaltools.gnu-tools-for-stm32.10.3-2021.10.win32_1.0.0.202111181127/tools/bin/../lib/gcc/arm-none-eabi/10.3.1/thumb/v7e-m+fp/hard\libgcc.a(_aeabi_uldivmod.o)
                              ./Drivers/STM32F4xx_HAL_Driver/Src/stm32f4xx_hal_rcc.o (__aeabi_uldivmod)
d:/programs/stm32cubeide_1.9.0/stm32cubeide/plugins/com.st.stm32cube.ide.mcu.externaltools.gnu-tools-for-stm32.10.3-2021.10.win32_1.0.0.202111181127/tools/bin/../lib/gcc/arm-none-eabi/10.3.1/thumb/v7e-m+fp/hard\libgcc.a(_udivmoddi4.o)
                              d:/programs/stm32cubeide_1.9.0/stm32cubeide/plugins/com.st.stm32cube.ide.mcu.externaltools.gnu-tools-for-stm32.10.3-2021.10.win32_1.0.0.202111181127/tools/bin/../lib/gcc/arm-none-eabi/10.3.1/thumb/v7e-m+fp/hard\libgcc.a(_aeabi_uldivmod.o) (__udivmoddi4)
d:/programs/stm32cubeide_1.9.0/stm32cubeide/plugins/com.st.stm32cube.ide.mcu.externaltools.gnu-tools-for-stm32.10.3-2021.10.win32_1.0.0.202111181127/tools/bin/../lib/gcc/arm-none-eabi/10.3.1/thumb/v7e-m+fp/hard\libgcc.a(_dvmd_tls.o)
                              d:/programs/stm32cubeide_1.9.0/stm32cubeide/plugins/com.st.stm32cube.ide.mcu.externaltools.gnu-tools-for-stm32.10.3-2021.10.win32_1.0.0.202111181127/tools/bin/../lib/gcc/arm-none-eabi/10.3.1/thumb/v7e-m+fp/hard\libgcc.a(_aeabi_uldivmod.o) (__aeabi_ldiv0)

Discarded input sections

 .text          0x0000000000000000        0x0 d:/programs/stm32cubeide_1.9.0/stm32cubeide/plugins/com.st.stm32cube.ide.mcu.externaltools.gnu-tools-for-stm32.10.3-2021.10.win32_1.0.0.202111181127/tools/bin/../lib/gcc/arm-none-eabi/10.3.1/thumb/v7e-m+fp/hard/crti.o
 .data          0x0000000000000000        0x0 d:/programs/stm32cubeide_1.9.0/stm32cubeide/plugins/com.st.stm32cube.ide.mcu.externaltools.gnu-tools-for-stm32.10.3-2021.10.win32_1.0.0.202111181127/tools/bin/../lib/gcc/arm-none-eabi/10.3.1/thumb/v7e-m+fp/hard/crti.o
 .bss           0x0000000000000000        0x0 d:/programs/stm32cubeide_1.9.0/stm32cubeide/plugins/com.st.stm32cube.ide.mcu.externaltools.gnu-tools-for-stm32.10.3-2021.10.win32_1.0.0.202111181127/tools/bin/../lib/gcc/arm-none-eabi/10.3.1/thumb/v7e-m+fp/hard/crti.o
[...]
Memory Configuration

Name             Origin             Length             Attributes
CCMRAM           0x0000000010000000 0x0000000000010000 xrw
RAM              0x0000000020000000 0x0000000000030000 xrw
FLASH            0x0000000008000000 0x0000000000200000 xr
*default*        0x0000000000000000 0xffffffffffffffff

Linker script and memory map

LOAD d:/programs/stm32cubeide_1.9.0/stm32cubeide/plugins/com.st.stm32cube.ide.mcu.externaltools.gnu-tools-for-stm32.10.3-2021.10.win32_1.0.0.202111181127/tools/bin/../lib/gcc/arm-none-eabi/10.3.1/thumb/v7e-m+fp/hard/crti.o
LOAD d:/programs/stm32cubeide_1.9.0/stm32cubeide/plugins/com.st.stm32cube.ide.mcu.externaltools.gnu-tools-for-stm32.10.3-2021.10.win32_1.0.0.202111181127/tools/bin/../lib/gcc/arm-none-eabi/10.3.1/thumb/v7e-m+fp/hard/crtbegin.o
LOAD d:/programs/stm32cubeide_1.9.0/stm32cubeide/plugins/com.st.stm32cube.ide.mcu.externaltools.gnu-tools-for-stm32.10.3-2021.10.win32_1.0.0.202111181127/tools/bin/../lib/gcc/arm-none-eabi/10.3.1/../../../../arm-none-eabi/lib/thumb/v7e-m+fp/hard/crt0.o
LOAD ./Core/Src/gpio.o
LOAD ./Core/Src/main.o
LOAD ./Core/Src/stm32f4xx_hal_msp.o
LOAD ./Core/Src/stm32f4xx_it.o
LOAD ./Core/Src/syscalls.o
LOAD ./Core/Src/sysmem.o
LOAD ./Core/Src/system_stm32f4xx.o
LOAD ./Core/Startup/startup_stm32f427vitx.o
LOAD ./Drivers/STM32F4xx_HAL_Driver/Src/stm32f4xx_hal.o
LOAD ./Drivers/STM32F4xx_HAL_Driver/Src/stm32f4xx_hal_cortex.o
LOAD ./Drivers/STM32F4xx_HAL_Driver/Src/stm32f4xx_hal_dma.o
LOAD ./Drivers/STM32F4xx_HAL_Driver/Src/stm32f4xx_hal_dma_ex.o
LOAD ./Drivers/STM32F4xx_HAL_Driver/Src/stm32f4xx_hal_exti.o
LOAD ./Drivers/STM32F4xx_HAL_Driver/Src/stm32f4xx_hal_flash.o
LOAD ./Drivers/STM32F4xx_HAL_Driver/Src/stm32f4xx_hal_flash_ex.o
LOAD ./Drivers/STM32F4xx_HAL_Driver/Src/stm32f4xx_hal_flash_ramfunc.o
LOAD ./Drivers/STM32F4xx_HAL_Driver/Src/stm32f4xx_hal_gpio.o
LOAD ./Drivers/STM32F4xx_HAL_Driver/Src/stm32f4xx_hal_pwr.o
LOAD ./Drivers/STM32F4xx_HAL_Driver/Src/stm32f4xx_hal_pwr_ex.o
LOAD ./Drivers/STM32F4xx_HAL_Driver/Src/stm32f4xx_hal_rcc.o
LOAD ./Drivers/STM32F4xx_HAL_Driver/Src/stm32f4xx_hal_rcc_ex.o
LOAD ./Drivers/STM32F4xx_HAL_Driver/Src/stm32f4xx_hal_tim.o
LOAD ./Drivers/STM32F4xx_HAL_Driver/Src/stm32f4xx_hal_tim_ex.o
START GROUP
LOAD d:/programs/stm32cubeide_1.9.0/stm32cubeide/plugins/com.st.stm32cube.ide.mcu.externaltools.gnu-tools-for-stm32.10.3-2021.10.win32_1.0.0.202111181127/tools/bin/../lib/gcc/arm-none-eabi/10.3.1/../../../../arm-none-eabi/lib/thumb/v7e-m+fp/hard\libc_nano.a
LOAD d:/programs/stm32cubeide_1.9.0/stm32cubeide/plugins/com.st.stm32cube.ide.mcu.externaltools.gnu-tools-for-stm32.10.3-2021.10.win32_1.0.0.202111181127/tools/bin/../lib/gcc/arm-none-eabi/10.3.1/../../../../arm-none-eabi/lib/thumb/v7e-m+fp/hard\libm.a
END GROUP
START GROUP
LOAD d:/programs/stm32cubeide_1.9.0/stm32cubeide/plugins/com.st.stm32cube.ide.mcu.externaltools.gnu-tools-for-stm32.10.3-2021.10.win32_1.0.0.202111181127/tools/bin/../lib/gcc/arm-none-eabi/10.3.1/thumb/v7e-m+fp/hard\libgcc.a
LOAD d:/programs/stm32cubeide_1.9.0/stm32cubeide/plugins/com.st.stm32cube.ide.mcu.externaltools.gnu-tools-for-stm32.10.3-2021.10.win32_1.0.0.202111181127/tools/bin/../lib/gcc/arm-none-eabi/10.3.1/../../../../arm-none-eabi/lib/thumb/v7e-m+fp/hard\libc_nano.a
END GROUP
START GROUP
LOAD d:/programs/stm32cubeide_1.9.0/stm32cubeide/plugins/com.st.stm32cube.ide.mcu.externaltools.gnu-tools-for-stm32.10.3-2021.10.win32_1.0.0.202111181127/tools/bin/../lib/gcc/arm-none-eabi/10.3.1/thumb/v7e-m+fp/hard\libgcc.a
LOAD d:/programs/stm32cubeide_1.9.0/stm32cubeide/plugins/com.st.stm32cube.ide.mcu.externaltools.gnu-tools-for-stm32.10.3-2021.10.win32_1.0.0.202111181127/tools/bin/../lib/gcc/arm-none-eabi/10.3.1/../../../../arm-none-eabi/lib/thumb/v7e-m+fp/hard\libc_nano.a
LOAD d:/programs/stm32cubeide_1.9.0/stm32cubeide/plugins/com.st.stm32cube.ide.mcu.externaltools.gnu-tools-for-stm32.10.3-2021.10.win32_1.0.0.202111181127/tools/bin/../lib/gcc/arm-none-eabi/10.3.1/../../../../arm-none-eabi/lib/thumb/v7e-m+fp/hard\libnosys.a
END GROUP
START GROUP
LOAD d:/programs/stm32cubeide_1.9.0/stm32cubeide/plugins/com.st.stm32cube.ide.mcu.externaltools.gnu-tools-for-stm32.10.3-2021.10.win32_1.0.0.202111181127/tools/bin/../lib/gcc/arm-none-eabi/10.3.1/thumb/v7e-m+fp/hard\libgcc.a
LOAD d:/programs/stm32cubeide_1.9.0/stm32cubeide/plugins/com.st.stm32cube.ide.mcu.externaltools.gnu-tools-for-stm32.10.3-2021.10.win32_1.0.0.202111181127/tools/bin/../lib/gcc/arm-none-eabi/10.3.1/../../../../arm-none-eabi/lib/thumb/v7e-m+fp/hard\libc_nano.a
LOAD d:/programs/stm32cubeide_1.9.0/stm32cubeide/plugins/com.st.stm32cube.ide.mcu.externaltools.gnu-tools-for-stm32.10.3-2021.10.win32_1.0.0.202111181127/tools/bin/../lib/gcc/arm-none-eabi/10.3.1/../../../../arm-none-eabi/lib/thumb/v7e-m+fp/hard\libnosys.a
END GROUP
LOAD d:/programs/stm32cubeide_1.9.0/stm32cubeide/plugins/com.st.stm32cube.ide.mcu.externaltools.gnu-tools-for-stm32.10.3-2021.10.win32_1.0.0.202111181127/tools/bin/../lib/gcc/arm-none-eabi/10.3.1/thumb/v7e-m+fp/hard/crtend.o
LOAD d:/programs/stm32cubeide_1.9.0/stm32cubeide/plugins/com.st.stm32cube.ide.mcu.externaltools.gnu-tools-for-stm32.10.3-2021.10.win32_1.0.0.202111181127/tools/bin/../lib/gcc/arm-none-eabi/10.3.1/thumb/v7e-m+fp/hard/crtn.o
                0x0000000020030000                _estack = (ORIGIN (RAM) + LENGTH (RAM))
                0x0000000000000200                _Min_Heap_Size = 0x200
                0x0000000000000400                _Min_Stack_Size = 0x400

.isr_vector     0x0000000008000000      0x1ac
                0x0000000008000000                . = ALIGN (0x4)
 *(.isr_vector)
 .isr_vector    0x0000000008000000      0x1ac ./Core/Startup/startup_stm32f427vitx.o
                0x0000000008000000                g_pfnVectors
                0x00000000080001ac                . = ALIGN (0x4)

.text           0x00000000080001ac     0x16e8
                0x00000000080001ac                . = ALIGN (0x4)
 *(.text)
 .text          0x00000000080001ac       0x40 d:/programs/stm32cubeide_1.9.0/stm32cubeide/plugins/com.st.stm32cube.ide.mcu.externaltools.gnu-tools-for-stm32.10.3-2021.10.win32_1.0.0.202111181127/tools/bin/../lib/gcc/arm-none-eabi/10.3.1/thumb/v7e-m+fp/hard/crtbegin.o
 .text          0x00000000080001ec       0x30 d:/programs/stm32cubeide_1.9.0/stm32cubeide/plugins/com.st.stm32cube.ide.mcu.externaltools.gnu-tools-for-stm32.10.3-2021.10.win32_1.0.0.202111181127/tools/bin/../lib/gcc/arm-none-eabi/10.3.1/thumb/v7e-m+fp/hard\libgcc.a(_aeabi_uldivmod.o)
                0x00000000080001ec                __aeabi_uldivmod
 .text          0x000000000800021c      0x2d0 d:/programs/stm32cubeide_1.9.0/stm32cubeide/plugins/com.st.stm32cube.ide.mcu.externaltools.gnu-tools-for-stm32.10.3-2021.10.win32_1.0.0.202111181127/tools/bin/../lib/gcc/arm-none-eabi/10.3.1/thumb/v7e-m+fp/hard\libgcc.a(_udivmoddi4.o)
                0x000000000800021c                __udivmoddi4
 .text          0x00000000080004ec        0x4 d:/programs/stm32cubeide_1.9.0/stm32cubeide/plugins/com.st.stm32cube.ide.mcu.externaltools.gnu-tools-for-stm32.10.3-2021.10.win32_1.0.0.202111181127/tools/bin/../lib/gcc/arm-none-eabi/10.3.1/thumb/v7e-m+fp/hard\libgcc.a(_dvmd_tls.o)
                0x00000000080004ec                __aeabi_idiv0
                0x00000000080004ec                __aeabi_ldiv0
 *(.text*)
 .text.MX_GPIO_Init
                0x00000000080004f0       0xe0 ./Core/Src/gpio.o
                0x00000000080004f0                MX_GPIO_Init
 .text.wait     0x00000000080005d0       0x2a ./Core/Src/main.o
                0x00000000080005d0                wait
 *fill*         0x00000000080005fa        0x2 
 .text.turnAllOff
                0x00000000080005fc       0x30 ./Core/Src/main.o
                0x00000000080005fc                turnAllOff
 .text.turnSpecificLightOn
                0x000000000800062c       0x28 ./Core/Src/main.o
                0x000000000800062c                turnSpecificLightOn
 .text.blinkSpecificLight
                0x0000000008000654       0x44 ./Core/Src/main.o
                0x0000000008000654                blinkSpecificLight
 .text.main     0x0000000008000698       0xf0 ./Core/Src/main.o
                0x0000000008000698                main
 .text.SystemClock_Config
                0x0000000008000788       0xc0 ./Core/Src/main.o
                0x0000000008000788                SystemClock_Config
 .text.Error_Handler
                0x0000000008000848        0xa ./Core/Src/main.o
                0x0000000008000848                Error_Handler
 *fill*         0x0000000008000852        0x2 
 .text.HAL_MspInit
                0x0000000008000854       0x50 ./Core/Src/stm32f4xx_hal_msp.o
                0x0000000008000854                HAL_MspInit
 .text.NMI_Handler
                0x00000000080008a4        0x6 ./Core/Src/stm32f4xx_it.o
                0x00000000080008a4                NMI_Handler
 .text.HardFault_Handler
                0x00000000080008aa        0x6 ./Core/Src/stm32f4xx_it.o
                0x00000000080008aa                HardFault_Handler
 .text.MemManage_Handler
                0x00000000080008b0        0x6 ./Core/Src/stm32f4xx_it.o
                0x00000000080008b0                MemManage_Handler
 .text.BusFault_Handler
                0x00000000080008b6        0x6 ./Core/Src/stm32f4xx_it.o
                0x00000000080008b6                BusFault_Handler
 .text.UsageFault_Handler
                0x00000000080008bc        0x6 ./Core/Src/stm32f4xx_it.o
                0x00000000080008bc                UsageFault_Handler
 .text.SVC_Handler
                0x00000000080008c2        0xe ./Core/Src/stm32f4xx_it.o
                0x00000000080008c2                SVC_Handler
 .text.DebugMon_Handler
                0x00000000080008d0        0xe ./Core/Src/stm32f4xx_it.o
                0x00000000080008d0                DebugMon_Handler
 .text.PendSV_Handler
                0x00000000080008de        0xe ./Core/Src/stm32f4xx_it.o
                0x00000000080008de                PendSV_Handler
 .text.SysTick_Handler
                0x00000000080008ec        0xc ./Core/Src/stm32f4xx_it.o
                0x00000000080008ec                SysTick_Handler
 .text.SystemInit
                0x00000000080008f8       0x24 ./Core/Src/system_stm32f4xx.o
                0x00000000080008f8                SystemInit
 .text.Reset_Handler
                0x000000000800091c       0x50 ./Core/Startup/startup_stm32f427vitx.o
                0x000000000800091c                Reset_Handler
 .text.Default_Handler
                0x000000000800096c        0x2 ./Core/Startup/startup_stm32f427vitx.o
                0x000000000800096c                RTC_Alarm_IRQHandler
                0x000000000800096c                HASH_RNG_IRQHandler
                0x000000000800096c                EXTI2_IRQHandler
                0x000000000800096c                TIM8_CC_IRQHandler
                0x000000000800096c                UART8_IRQHandler
                0x000000000800096c                SPI4_IRQHandler
                0x000000000800096c                TIM1_CC_IRQHandler
                0x000000000800096c                DMA2_Stream5_IRQHandler
                0x000000000800096c                DMA1_Stream5_IRQHandler
                0x000000000800096c                PVD_IRQHandler
                0x000000000800096c                SDIO_IRQHandler
                0x000000000800096c                TAMP_STAMP_IRQHandler
                0x000000000800096c                CAN2_RX1_IRQHandler
                0x000000000800096c                EXTI3_IRQHandler
                0x000000000800096c                TIM8_TRG_COM_TIM14_IRQHandler
                0x000000000800096c                TIM1_UP_TIM10_IRQHandler
                0x000000000800096c                TIM8_UP_TIM13_IRQHandler
                0x000000000800096c                I2C3_ER_IRQHandler
                0x000000000800096c                EXTI0_IRQHandler
                0x000000000800096c                I2C2_EV_IRQHandler
                0x000000000800096c                DMA1_Stream2_IRQHandler
                0x000000000800096c                CAN1_RX0_IRQHandler
                0x000000000800096c                FPU_IRQHandler
                0x000000000800096c                OTG_HS_WKUP_IRQHandler
                0x000000000800096c                CAN2_SCE_IRQHandler
                0x000000000800096c                DMA2_Stream2_IRQHandler
                0x000000000800096c                SPI1_IRQHandler
                0x000000000800096c                TIM6_DAC_IRQHandler
                0x000000000800096c                TIM1_BRK_TIM9_IRQHandler
                0x000000000800096c                DCMI_IRQHandler
                0x000000000800096c                CAN2_RX0_IRQHandler
                0x000000000800096c                DMA2_Stream3_IRQHandler
                0x000000000800096c                USART6_IRQHandler
                0x000000000800096c                USART3_IRQHandler
                0x000000000800096c                CAN1_RX1_IRQHandler
                0x000000000800096c                UART5_IRQHandler
                0x000000000800096c                DMA2_Stream0_IRQHandler
                0x000000000800096c                TIM4_IRQHandler
                0x000000000800096c                I2C1_EV_IRQHandler
                0x000000000800096c                DMA1_Stream6_IRQHandler
                0x000000000800096c                DMA1_Stream1_IRQHandler
                0x000000000800096c                UART4_IRQHandler
                0x000000000800096c                TIM3_IRQHandler
                0x000000000800096c                RCC_IRQHandler
                0x000000000800096c                TIM8_BRK_TIM12_IRQHandler
                0x000000000800096c                Default_Handler
                0x000000000800096c                EXTI15_10_IRQHandler
                0x000000000800096c                ADC_IRQHandler
                0x000000000800096c                DMA1_Stream7_IRQHandler
                0x000000000800096c                SPI5_IRQHandler
                0x000000000800096c                TIM7_IRQHandler
                0x000000000800096c                CAN2_TX_IRQHandler
                0x000000000800096c                TIM5_IRQHandler
                0x000000000800096c                DMA2_Stream7_IRQHandler
                0x000000000800096c                I2C3_EV_IRQHandler
                0x000000000800096c                EXTI9_5_IRQHandler
                0x000000000800096c                RTC_WKUP_IRQHandler
                0x000000000800096c                ETH_WKUP_IRQHandler
                0x000000000800096c                SPI2_IRQHandler
                0x000000000800096c                OTG_HS_EP1_IN_IRQHandler
                0x000000000800096c                DMA1_Stream0_IRQHandler
                0x000000000800096c                CAN1_TX_IRQHandler
                0x000000000800096c                EXTI4_IRQHandler
                0x000000000800096c                ETH_IRQHandler
                0x000000000800096c                OTG_HS_EP1_OUT_IRQHandler
                0x000000000800096c                WWDG_IRQHandler
                0x000000000800096c                SPI6_IRQHandler
                0x000000000800096c                TIM2_IRQHandler
                0x000000000800096c                OTG_FS_WKUP_IRQHandler
                0x000000000800096c                TIM1_TRG_COM_TIM11_IRQHandler
                0x000000000800096c                OTG_HS_IRQHandler
                0x000000000800096c                DMA2D_IRQHandler
                0x000000000800096c                EXTI1_IRQHandler
                0x000000000800096c                UART7_IRQHandler
                0x000000000800096c                USART2_IRQHandler
                0x000000000800096c                I2C2_ER_IRQHandler
                0x000000000800096c                DMA2_Stream1_IRQHandler
                0x000000000800096c                CAN1_SCE_IRQHandler
                0x000000000800096c                FLASH_IRQHandler
                0x000000000800096c                DMA2_Stream4_IRQHandler
                0x000000000800096c                USART1_IRQHandler
                0x000000000800096c                OTG_FS_IRQHandler
                0x000000000800096c                SPI3_IRQHandler
                0x000000000800096c                DMA1_Stream4_IRQHandler
                0x000000000800096c                I2C1_ER_IRQHandler
                0x000000000800096c                FMC_IRQHandler
                0x000000000800096c                DMA2_Stream6_IRQHandler
                0x000000000800096c                SAI1_IRQHandler
                0x000000000800096c                DMA1_Stream3_IRQHandler
 *fill*         0x000000000800096e        0x2 
 .text.HAL_Init
                0x0000000008000970       0x44 ./Drivers/STM32F4xx_HAL_Driver/Src/stm32f4xx_hal.o
                0x0000000008000970                HAL_Init
 .text.HAL_InitTick
                0x00000000080009b4       0x60 ./Drivers/STM32F4xx_HAL_Driver/Src/stm32f4xx_hal.o
                0x00000000080009b4                HAL_InitTick
 .text.HAL_IncTick
                0x0000000008000a14       0x28 ./Drivers/STM32F4xx_HAL_Driver/Src/stm32f4xx_hal.o
                0x0000000008000a14                HAL_IncTick
 .text.HAL_GetTick
                0x0000000008000a3c       0x18 ./Drivers/STM32F4xx_HAL_Driver/Src/stm32f4xx_hal.o
                0x0000000008000a3c                HAL_GetTick
 .text.__NVIC_SetPriorityGrouping
                0x0000000008000a54       0x48 ./Drivers/STM32F4xx_HAL_Driver/Src/stm32f4xx_hal_cortex.o
 .text.__NVIC_GetPriorityGrouping
                0x0000000008000a9c       0x1c ./Drivers/STM32F4xx_HAL_Driver/Src/stm32f4xx_hal_cortex.o
 .text.__NVIC_SetPriority
                0x0000000008000ab8       0x54 ./Drivers/STM32F4xx_HAL_Driver/Src/stm32f4xx_hal_cortex.o
 .text.NVIC_EncodePriority
                0x0000000008000b0c       0x66 ./Drivers/STM32F4xx_HAL_Driver/Src/stm32f4xx_hal_cortex.o
 *fill*         0x0000000008000b72        0x2 
 .text.SysTick_Config
                0x0000000008000b74       0x44 ./Drivers/STM32F4xx_HAL_Driver/Src/stm32f4xx_hal_cortex.o
 .text.HAL_NVIC_SetPriorityGrouping
                0x0000000008000bb8       0x16 ./Drivers/STM32F4xx_HAL_Driver/Src/stm32f4xx_hal_cortex.o
                0x0000000008000bb8                HAL_NVIC_SetPriorityGrouping
 .text.HAL_NVIC_SetPriority
                0x0000000008000bce       0x38 ./Drivers/STM32F4xx_HAL_Driver/Src/stm32f4xx_hal_cortex.o
                0x0000000008000bce                HAL_NVIC_SetPriority
 .text.HAL_SYSTICK_Config
                0x0000000008000c06       0x18 ./Drivers/STM32F4xx_HAL_Driver/Src/stm32f4xx_hal_cortex.o
                0x0000000008000c06                HAL_SYSTICK_Config
 *fill*         0x0000000008000c1e        0x2 
 .text.HAL_GPIO_Init
                0x0000000008000c20      0x358 ./Drivers/STM32F4xx_HAL_Driver/Src/stm32f4xx_hal_gpio.o
                0x0000000008000c20                HAL_GPIO_Init
 .text.HAL_GPIO_ReadPin
                0x0000000008000f78       0x30 ./Drivers/STM32F4xx_HAL_Driver/Src/stm32f4xx_hal_gpio.o
                0x0000000008000f78                HAL_GPIO_ReadPin
 .text.HAL_GPIO_WritePin
                0x0000000008000fa8       0x32 ./Drivers/STM32F4xx_HAL_Driver/Src/stm32f4xx_hal_gpio.o
                0x0000000008000fa8                HAL_GPIO_WritePin
 *fill*         0x0000000008000fda        0x2 
 .text.HAL_RCC_OscConfig
                0x0000000008000fdc      0x4f0 ./Drivers/STM32F4xx_HAL_Driver/Src/stm32f4xx_hal_rcc.o
                0x0000000008000fdc                HAL_RCC_OscConfig
 .text.HAL_RCC_ClockConfig
                0x00000000080014cc      0x1cc ./Drivers/STM32F4xx_HAL_Driver/Src/stm32f4xx_hal_rcc.o
                0x00000000080014cc                HAL_RCC_ClockConfig
 .text.HAL_RCC_GetSysClockFreq
                0x0000000008001698      0x18c ./Drivers/STM32F4xx_HAL_Driver/Src/stm32f4xx_hal_rcc.o
                0x0000000008001698                HAL_RCC_GetSysClockFreq
 .text.__libc_init_array
                0x0000000008001824       0x48 d:/programs/stm32cubeide_1.9.0/stm32cubeide/plugins/com.st.stm32cube.ide.mcu.externaltools.gnu-tools-for-stm32.10.3-2021.10.win32_1.0.0.202111181127/tools/bin/../lib/gcc/arm-none-eabi/10.3.1/../../../../arm-none-eabi/lib/thumb/v7e-m+fp/hard\libc_nano.a(lib_a-init.o)
                0x0000000008001824                __libc_init_array
 .text.memset   0x000000000800186c       0x10 d:/programs/stm32cubeide_1.9.0/stm32cubeide/plugins/com.st.stm32cube.ide.mcu.externaltools.gnu-tools-for-stm32.10.3-2021.10.win32_1.0.0.202111181127/tools/bin/../lib/gcc/arm-none-eabi/10.3.1/../../../../arm-none-eabi/lib/thumb/v7e-m+fp/hard\libc_nano.a(lib_a-memset.o)
                0x000000000800186c                memset
 *(.glue_7)
 .glue_7        0x000000000800187c        0x0 linker stubs
 *(.glue_7t)
 .glue_7t       0x000000000800187c        0x0 linker stubs
 *(.eh_frame)
 .eh_frame      0x000000000800187c        0x0 d:/programs/stm32cubeide_1.9.0/stm32cubeide/plugins/com.st.stm32cube.ide.mcu.externaltools.gnu-tools-for-stm32.10.3-2021.10.win32_1.0.0.202111181127/tools/bin/../lib/gcc/arm-none-eabi/10.3.1/thumb/v7e-m+fp/hard/crtbegin.o
 *(.init)
 .init          0x000000000800187c        0x4 d:/programs/stm32cubeide_1.9.0/stm32cubeide/plugins/com.st.stm32cube.ide.mcu.externaltools.gnu-tools-for-stm32.10.3-2021.10.win32_1.0.0.202111181127/tools/bin/../lib/gcc/arm-none-eabi/10.3.1/thumb/v7e-m+fp/hard/crti.o
                0x000000000800187c                _init
 .init          0x0000000008001880        0x8 d:/programs/stm32cubeide_1.9.0/stm32cubeide/plugins/com.st.stm32cube.ide.mcu.externaltools.gnu-tools-for-stm32.10.3-2021.10.win32_1.0.0.202111181127/tools/bin/../lib/gcc/arm-none-eabi/10.3.1/thumb/v7e-m+fp/hard/crtn.o
 *(.fini)
 .fini          0x0000000008001888        0x4 d:/programs/stm32cubeide_1.9.0/stm32cubeide/plugins/com.st.stm32cube.ide.mcu.externaltools.gnu-tools-for-stm32.10.3-2021.10.win32_1.0.0.202111181127/tools/bin/../lib/gcc/arm-none-eabi/10.3.1/thumb/v7e-m+fp/hard/crti.o
                0x0000000008001888                _fini
 .fini          0x000000000800188c        0x8 d:/programs/stm32cubeide_1.9.0/stm32cubeide/plugins/com.st.stm32cube.ide.mcu.externaltools.gnu-tools-for-stm32.10.3-2021.10.win32_1.0.0.202111181127/tools/bin/../lib/gcc/arm-none-eabi/10.3.1/thumb/v7e-m+fp/hard/crtn.o
                0x0000000008001894                . = ALIGN (0x4)
                0x0000000008001894                _etext = .

.vfp11_veneer   0x0000000008001894        0x0
 .vfp11_veneer  0x0000000008001894        0x0 linker stubs

.v4_bx          0x0000000008001894        0x0
 .v4_bx         0x0000000008001894        0x0 linker stubs

.iplt           0x0000000008001894        0x0
 .iplt          0x0000000008001894        0x0 d:/programs/stm32cubeide_1.9.0/stm32cubeide/plugins/com.st.stm32cube.ide.mcu.externaltools.gnu-tools-for-stm32.10.3-2021.10.win32_1.0.0.202111181127/tools/bin/../lib/gcc/arm-none-eabi/10.3.1/thumb/v7e-m+fp/hard/crtbegin.o

.rodata         0x0000000008001894       0x10
                0x0000000008001894                . = ALIGN (0x4)
 *(.rodata)
 *(.rodata*)
 .rodata.AHBPrescTable
                0x0000000008001894       0x10 ./Core/Src/system_stm32f4xx.o
                0x0000000008001894                AHBPrescTable
                0x00000000080018a4                . = ALIGN (0x4)

.ARM.extab      0x00000000080018a4        0x0
                0x00000000080018a4                . = ALIGN (0x4)
 *(.ARM.extab* .gnu.linkonce.armextab.*)
                0x00000000080018a4                . = ALIGN (0x4)

.ARM            0x00000000080018a4        0x8
                0x00000000080018a4                . = ALIGN (0x4)
                0x00000000080018a4                __exidx_start = .
 *(.ARM.exidx*)
 .ARM.exidx     0x00000000080018a4        0x8 d:/programs/stm32cubeide_1.9.0/stm32cubeide/plugins/com.st.stm32cube.ide.mcu.externaltools.gnu-tools-for-stm32.10.3-2021.10.win32_1.0.0.202111181127/tools/bin/../lib/gcc/arm-none-eabi/10.3.1/thumb/v7e-m+fp/hard\libgcc.a(_udivmoddi4.o)
                0x00000000080018ac                __exidx_end = .
                0x00000000080018ac                . = ALIGN (0x4)

.rel.dyn        0x00000000080018ac        0x0
 .rel.iplt      0x00000000080018ac        0x0 d:/programs/stm32cubeide_1.9.0/stm32cubeide/plugins/com.st.stm32cube.ide.mcu.externaltools.gnu-tools-for-stm32.10.3-2021.10.win32_1.0.0.202111181127/tools/bin/../lib/gcc/arm-none-eabi/10.3.1/thumb/v7e-m+fp/hard/crtbegin.o

.preinit_array  0x00000000080018ac        0x0
                0x00000000080018ac                . = ALIGN (0x4)
                0x00000000080018ac                PROVIDE (__preinit_array_start = .)
 *(.preinit_array*)
                0x00000000080018ac                PROVIDE (__preinit_array_end = .)
                0x00000000080018ac                . = ALIGN (0x4)

.init_array     0x00000000080018ac        0x4
                0x00000000080018ac                . = ALIGN (0x4)
                0x00000000080018ac                PROVIDE (__init_array_start = .)
 *(SORT_BY_NAME(.init_array.*))
 *(.init_array*)
 .init_array    0x00000000080018ac        0x4 d:/programs/stm32cubeide_1.9.0/stm32cubeide/plugins/com.st.stm32cube.ide.mcu.externaltools.gnu-tools-for-stm32.10.3-2021.10.win32_1.0.0.202111181127/tools/bin/../lib/gcc/arm-none-eabi/10.3.1/thumb/v7e-m+fp/hard/crtbegin.o
                0x00000000080018b0                PROVIDE (__init_array_end = .)
                0x00000000080018b0                . = ALIGN (0x4)

.fini_array     0x00000000080018b0        0x4
                0x00000000080018b0                . = ALIGN (0x4)
                [!provide]                        PROVIDE (__fini_array_start = .)
 *(SORT_BY_NAME(.fini_array.*))
 *(.fini_array*)
 .fini_array    0x00000000080018b0        0x4 d:/programs/stm32cubeide_1.9.0/stm32cubeide/plugins/com.st.stm32cube.ide.mcu.externaltools.gnu-tools-for-stm32.10.3-2021.10.win32_1.0.0.202111181127/tools/bin/../lib/gcc/arm-none-eabi/10.3.1/thumb/v7e-m+fp/hard/crtbegin.o
                [!provide]                        PROVIDE (__fini_array_end = .)
                0x00000000080018b4                . = ALIGN (0x4)
                0x00000000080018b4                _sidata = LOADADDR (.data)

.data           0x0000000020000000       0x14 load address 0x00000000080018b4
                0x0000000020000000                . = ALIGN (0x4)
                0x0000000020000000                _sdata = .
 *(.data)
 *(.data*)
 .data.GREEN    0x0000000020000000        0x2 ./Core/Src/main.o
                0x0000000020000000                GREEN
 .data.YELLOW   0x0000000020000002        0x2 ./Core/Src/main.o
                0x0000000020000002                YELLOW
 .data.RED      0x0000000020000004        0x2 ./Core/Src/main.o
                0x0000000020000004                RED
 *fill*         0x0000000020000006        0x2 
 .data.SystemCoreClock
                0x0000000020000008        0x4 ./Core/Src/system_stm32f4xx.o
                0x0000000020000008                SystemCoreClock
 .data.uwTickPrio
                0x000000002000000c        0x4 ./Drivers/STM32F4xx_HAL_Driver/Src/stm32f4xx_hal.o
                0x000000002000000c                uwTickPrio
 .data.uwTickFreq
                0x0000000020000010        0x1 ./Drivers/STM32F4xx_HAL_Driver/Src/stm32f4xx_hal.o
                0x0000000020000010                uwTickFreq
 *(.RamFunc)
 *(.RamFunc*)
                0x0000000020000014                . = ALIGN (0x4)
 *fill*         0x0000000020000011        0x3 
                0x0000000020000014                _edata = .
                0x00000000080018c8                _siccmram = LOADADDR (.ccmram)

.igot.plt       0x0000000020000014        0x0 load address 0x00000000080018c8
 .igot.plt      0x0000000020000014        0x0 d:/programs/stm32cubeide_1.9.0/stm32cubeide/plugins/com.st.stm32cube.ide.mcu.externaltools.gnu-tools-for-stm32.10.3-2021.10.win32_1.0.0.202111181127/tools/bin/../lib/gcc/arm-none-eabi/10.3.1/thumb/v7e-m+fp/hard/crtbegin.o

.ccmram         0x0000000010000000        0x0 load address 0x00000000080018c8
                0x0000000010000000                . = ALIGN (0x4)
                0x0000000010000000                _sccmram = .
 *(.ccmram)
 *(.ccmram*)
                0x0000000010000000                . = ALIGN (0x4)
                0x0000000010000000                _eccmram = .
                0x0000000010000000                . = ALIGN (0x4)

.bss            0x0000000020000014       0x20
                0x0000000020000014                _sbss = .
                0x0000000020000014                __bss_start__ = _sbss
 *(.bss)
 .bss           0x0000000020000014       0x1c d:/programs/stm32cubeide_1.9.0/stm32cubeide/plugins/com.st.stm32cube.ide.mcu.externaltools.gnu-tools-for-stm32.10.3-2021.10.win32_1.0.0.202111181127/tools/bin/../lib/gcc/arm-none-eabi/10.3.1/thumb/v7e-m+fp/hard/crtbegin.o
 *(.bss*)
 .bss.uwTick    0x0000000020000030        0x4 ./Drivers/STM32F4xx_HAL_Driver/Src/stm32f4xx_hal.o
                0x0000000020000030                uwTick
 *(COMMON)
                0x0000000020000034                . = ALIGN (0x4)
                0x0000000020000034                _ebss = .
                0x0000000020000034                __bss_end__ = _ebss

._user_heap_stack
                0x0000000020000034      0x604
                0x0000000020000038                . = ALIGN (0x8)
 *fill*         0x0000000020000034        0x4 
                [!provide]                        PROVIDE (end = .)
                0x0000000020000038                PROVIDE (_end = .)
                0x0000000020000238                . = (. + _Min_Heap_Size)
 *fill*         0x0000000020000038      0x200 
                0x0000000020000638                . = (. + _Min_Stack_Size)
 *fill*         0x0000000020000238      0x400 
                0x0000000020000638                . = ALIGN (0x8)

/DISCARD/
 libc.a(*)
 libm.a(*)
 libgcc.a(*)

.ARM.attributes
                0x0000000000000000       0x30
 *(.ARM.attributes)
 .ARM.attributes
                0x0000000000000000       0x1e d:/programs/stm32cubeide_1.9.0/stm32cubeide/plugins/com.st.stm32cube.ide.mcu.externaltools.gnu-tools-for-stm32.10.3-2021.10.win32_1.0.0.202111181127/tools/bin/../lib/gcc/arm-none-eabi/10.3.1/thumb/v7e-m+fp/hard/crti.o
 .ARM.attributes
                0x000000000000001e       0x34 d:/programs/stm32cubeide_1.9.0/stm32cubeide/plugins/com.st.stm32cube.ide.mcu.externaltools.gnu-tools-for-stm32.10.3-2021.10.win32_1.0.0.202111181127/tools/bin/../lib/gcc/arm-none-eabi/10.3.1/thumb/v7e-m+fp/hard/crtbegin.o
 .ARM.attributes
                0x0000000000000052       0x34 ./Core/Src/gpio.o
 .ARM.attributes
                0x0000000000000086       0x34 ./Core/Src/main.o
 .ARM.attributes
                0x00000000000000ba       0x34 ./Core/Src/stm32f4xx_hal_msp.o
 .ARM.attributes
                0x00000000000000ee       0x34 ./Core/Src/stm32f4xx_it.o
 .ARM.attributes
                0x0000000000000122       0x34 ./Core/Src/system_stm32f4xx.o
 .ARM.attributes
                0x0000000000000156       0x21 ./Core/Startup/startup_stm32f427vitx.o
 .ARM.attributes
                0x0000000000000177       0x34 ./Drivers/STM32F4xx_HAL_Driver/Src/stm32f4xx_hal.o
 .ARM.attributes
                0x00000000000001ab       0x34 ./Drivers/STM32F4xx_HAL_Driver/Src/stm32f4xx_hal_cortex.o
 .ARM.attributes
                0x00000000000001df       0x34 ./Drivers/STM32F4xx_HAL_Driver/Src/stm32f4xx_hal_gpio.o
 .ARM.attributes
                0x0000000000000213       0x34 ./Drivers/STM32F4xx_HAL_Driver/Src/stm32f4xx_hal_rcc.o
 .ARM.attributes
                0x0000000000000247       0x34 d:/programs/stm32cubeide_1.9.0/stm32cubeide/plugins/com.st.stm32cube.ide.mcu.externaltools.gnu-tools-for-stm32.10.3-2021.10.win32_1.0.0.202111181127/tools/bin/../lib/gcc/arm-none-eabi/10.3.1/../../../../arm-none-eabi/lib/thumb/v7e-m+fp/hard\libc_nano.a(lib_a-init.o)
 .ARM.attributes
                0x000000000000027b       0x34 d:/programs/stm32cubeide_1.9.0/stm32cubeide/plugins/com.st.stm32cube.ide.mcu.externaltools.gnu-tools-for-stm32.10.3-2021.10.win32_1.0.0.202111181127/tools/bin/../lib/gcc/arm-none-eabi/10.3.1/../../../../arm-none-eabi/lib/thumb/v7e-m+fp/hard\libc_nano.a(lib_a-memset.o)
 .ARM.attributes
                0x00000000000002af       0x1e d:/programs/stm32cubeide_1.9.0/stm32cubeide/plugins/com.st.stm32cube.ide.mcu.externaltools.gnu-tools-for-stm32.10.3-2021.10.win32_1.0.0.202111181127/tools/bin/../lib/gcc/arm-none-eabi/10.3.1/thumb/v7e-m+fp/hard\libgcc.a(_aeabi_uldivmod.o)
 .ARM.attributes
                0x00000000000002cd       0x34 d:/programs/stm32cubeide_1.9.0/stm32cubeide/plugins/com.st.stm32cube.ide.mcu.externaltools.gnu-tools-for-stm32.10.3-2021.10.win32_1.0.0.202111181127/tools/bin/../lib/gcc/arm-none-eabi/10.3.1/thumb/v7e-m+fp/hard\libgcc.a(_udivmoddi4.o)
 .ARM.attributes
                0x0000000000000301       0x1e d:/programs/stm32cubeide_1.9.0/stm32cubeide/plugins/com.st.stm32cube.ide.mcu.externaltools.gnu-tools-for-stm32.10.3-2021.10.win32_1.0.0.202111181127/tools/bin/../lib/gcc/arm-none-eabi/10.3.1/thumb/v7e-m+fp/hard\libgcc.a(_dvmd_tls.o)
 .ARM.attributes
                0x000000000000031f       0x1e d:/programs/stm32cubeide_1.9.0/stm32cubeide/plugins/com.st.stm32cube.ide.mcu.externaltools.gnu-tools-for-stm32.10.3-2021.10.win32_1.0.0.202111181127/tools/bin/../lib/gcc/arm-none-eabi/10.3.1/thumb/v7e-m+fp/hard/crtn.o
OUTPUT(Lab1.elf elf32-littlearm)
LOAD linker stubs
LOAD d:/programs/stm32cubeide_1.9.0/stm32cubeide/plugins/com.st.stm32cube.ide.mcu.externaltools.gnu-tools-for-stm32.10.3-2021.10.win32_1.0.0.202111181127/tools/bin/../lib/gcc/arm-none-eabi/10.3.1/../../../../arm-none-eabi/lib/thumb/v7e-m+fp/hard\libc.a
LOAD d:/programs/stm32cubeide_1.9.0/stm32cubeide/plugins/com.st.stm32cube.ide.mcu.externaltools.gnu-tools-for-stm32.10.3-2021.10.win32_1.0.0.202111181127/tools/bin/../lib/gcc/arm-none-eabi/10.3.1/../../../../arm-none-eabi/lib/thumb/v7e-m+fp/hard\libm.a
LOAD d:/programs/stm32cubeide_1.9.0/stm32cubeide/plugins/com.st.stm32cube.ide.mcu.externaltools.gnu-tools-for-stm32.10.3-2021.10.win32_1.0.0.202111181127/tools/bin/../lib/gcc/arm-none-eabi/10.3.1/thumb/v7e-m+fp/hard\libgcc.a

.debug_info     0x0000000000000000     0x3ec4
 .debug_info    0x0000000000000000      0x48d ./Core/Src/gpio.o
 .debug_info    0x000000000000048d      0x7bc ./Core/Src/main.o
 .debug_info    0x0000000000000c49      0x2c4 ./Core/Src/stm32f4xx_hal_msp.o
 .debug_info    0x0000000000000f0d      0x121 ./Core/Src/stm32f4xx_it.o
 .debug_info    0x000000000000102e      0x53f ./Core/Src/system_stm32f4xx.o
 .debug_info    0x000000000000156d       0x22 ./Core/Startup/startup_stm32f427vitx.o
 .debug_info    0x000000000000158f      0x9e8 ./Drivers/STM32F4xx_HAL_Driver/Src/stm32f4xx_hal.o
 .debug_info    0x0000000000001f77      0xe45 ./Drivers/STM32F4xx_HAL_Driver/Src/stm32f4xx_hal_cortex.o
 .debug_info    0x0000000000002dbc      0x786 ./Drivers/STM32F4xx_HAL_Driver/Src/stm32f4xx_hal_gpio.o
 .debug_info    0x0000000000003542      0x982 ./Drivers/STM32F4xx_HAL_Driver/Src/stm32f4xx_hal_rcc.o

.debug_abbrev   0x0000000000000000      0xfa1
 .debug_abbrev  0x0000000000000000      0x146 ./Core/Src/gpio.o
 .debug_abbrev  0x0000000000000146      0x25a ./Core/Src/main.o
 .debug_abbrev  0x00000000000003a0       0xd4 ./Core/Src/stm32f4xx_hal_msp.o
 .debug_abbrev  0x0000000000000474       0x74 ./Core/Src/stm32f4xx_it.o
 .debug_abbrev  0x00000000000004e8      0x116 ./Core/Src/system_stm32f4xx.o
 .debug_abbrev  0x00000000000005fe       0x12 ./Core/Startup/startup_stm32f427vitx.o
 .debug_abbrev  0x0000000000000610      0x20d ./Drivers/STM32F4xx_HAL_Driver/Src/stm32f4xx_hal.o
 .debug_abbrev  0x000000000000081d      0x316 ./Drivers/STM32F4xx_HAL_Driver/Src/stm32f4xx_hal_cortex.o
 .debug_abbrev  0x0000000000000b33      0x1c4 ./Drivers/STM32F4xx_HAL_Driver/Src/stm32f4xx_hal_gpio.o
 .debug_abbrev  0x0000000000000cf7      0x2aa ./Drivers/STM32F4xx_HAL_Driver/Src/stm32f4xx_hal_rcc.o

.debug_aranges  0x0000000000000000      0x438
 .debug_aranges
                0x0000000000000000       0x20 ./Core/Src/gpio.o
 .debug_aranges
                0x0000000000000020       0x50 ./Core/Src/main.o
 .debug_aranges
                0x0000000000000070       0x20 ./Core/Src/stm32f4xx_hal_msp.o
 .debug_aranges
                0x0000000000000090       0x60 ./Core/Src/stm32f4xx_it.o
 .debug_aranges
                0x00000000000000f0       0x28 ./Core/Src/system_stm32f4xx.o
 .debug_aranges
                0x0000000000000118       0x28 ./Core/Startup/startup_stm32f427vitx.o
 .debug_aranges
                0x0000000000000140      0x100 ./Drivers/STM32F4xx_HAL_Driver/Src/stm32f4xx_hal.o
 .debug_aranges
                0x0000000000000240      0x118 ./Drivers/STM32F4xx_HAL_Driver/Src/stm32f4xx_hal_cortex.o
 .debug_aranges
                0x0000000000000358       0x58 ./Drivers/STM32F4xx_HAL_Driver/Src/stm32f4xx_hal_gpio.o
 .debug_aranges
                0x00000000000003b0       0x88 ./Drivers/STM32F4xx_HAL_Driver/Src/stm32f4xx_hal_rcc.o

.debug_ranges   0x0000000000000000      0x3a0
 .debug_ranges  0x0000000000000000       0x10 ./Core/Src/gpio.o
 .debug_ranges  0x0000000000000010       0x40 ./Core/Src/main.o
 .debug_ranges  0x0000000000000050       0x10 ./Core/Src/stm32f4xx_hal_msp.o
 .debug_ranges  0x0000000000000060       0x50 ./Core/Src/stm32f4xx_it.o
 .debug_ranges  0x00000000000000b0       0x18 ./Core/Src/system_stm32f4xx.o
 .debug_ranges  0x00000000000000c8       0x20 ./Core/Startup/startup_stm32f427vitx.o
 .debug_ranges  0x00000000000000e8       0xf0 ./Drivers/STM32F4xx_HAL_Driver/Src/stm32f4xx_hal.o
 .debug_ranges  0x00000000000001d8      0x108 ./Drivers/STM32F4xx_HAL_Driver/Src/stm32f4xx_hal_cortex.o
 .debug_ranges  0x00000000000002e0       0x48 ./Drivers/STM32F4xx_HAL_Driver/Src/stm32f4xx_hal_gpio.o
 .debug_ranges  0x0000000000000328       0x78 ./Drivers/STM32F4xx_HAL_Driver/Src/stm32f4xx_hal_rcc.o

.debug_macro    0x0000000000000000    0x20f4b
 .debug_macro   0x0000000000000000      0x1c4 ./Core/Src/gpio.o
 .debug_macro   0x00000000000001c4      0xa78 ./Core/Src/gpio.o
 .debug_macro   0x0000000000000c3c      0x28f ./Core/Src/gpio.o
 .debug_macro   0x0000000000000ecb       0x2e ./Core/Src/gpio.o
 .debug_macro   0x0000000000000ef9       0x28 ./Core/Src/gpio.o
 .debug_macro   0x0000000000000f21       0x22 ./Core/Src/gpio.o
 .debug_macro   0x0000000000000f43       0x8e ./Core/Src/gpio.o
 .debug_macro   0x0000000000000fd1       0x51 ./Core/Src/gpio.o
 .debug_macro   0x0000000000001022      0x103 ./Core/Src/gpio.o
 .debug_macro   0x0000000000001125       0x6a ./Core/Src/gpio.o
 .debug_macro   0x000000000000118f      0x1df ./Core/Src/gpio.o
 .debug_macro   0x000000000000136e       0x1c ./Core/Src/gpio.o
 .debug_macro   0x000000000000138a       0x22 ./Core/Src/gpio.o
 .debug_macro   0x00000000000013ac       0xd9 ./Core/Src/gpio.o
 .debug_macro   0x0000000000001485     0x102d ./Core/Src/gpio.o
 .debug_macro   0x00000000000024b2      0x11f ./Core/Src/gpio.o
 .debug_macro   0x00000000000025d1    0x178a0 ./Core/Src/gpio.o
 .debug_macro   0x0000000000019e71       0x6d ./Core/Src/gpio.o
 .debug_macro   0x0000000000019ede     0x36f5 ./Core/Src/gpio.o
 .debug_macro   0x000000000001d5d3      0x174 ./Core/Src/gpio.o
 .debug_macro   0x000000000001d747       0x5c ./Core/Src/gpio.o
 .debug_macro   0x000000000001d7a3      0xc6d ./Core/Src/gpio.o
 .debug_macro   0x000000000001e410      0x9fe ./Core/Src/gpio.o
 .debug_macro   0x000000000001ee0e      0x115 ./Core/Src/gpio.o
 .debug_macro   0x000000000001ef23      0x16f ./Core/Src/gpio.o
 .debug_macro   0x000000000001f092       0xa5 ./Core/Src/gpio.o
 .debug_macro   0x000000000001f137      0x182 ./Core/Src/gpio.o
 .debug_macro   0x000000000001f2b9      0x287 ./Core/Src/gpio.o
 .debug_macro   0x000000000001f540       0x5f ./Core/Src/gpio.o
 .debug_macro   0x000000000001f59f      0x236 ./Core/Src/gpio.o
 .debug_macro   0x000000000001f7d5      0x132 ./Core/Src/gpio.o
 .debug_macro   0x000000000001f907      0x41d ./Core/Src/gpio.o
 .debug_macro   0x000000000001fd24       0x2e ./Core/Src/gpio.o
 .debug_macro   0x000000000001fd52      0x11a ./Core/Src/gpio.o
 .debug_macro   0x000000000001fe6c       0xe2 ./Core/Src/gpio.o
 .debug_macro   0x000000000001ff4e       0x89 ./Core/Src/gpio.o
 .debug_macro   0x000000000001ffd7      0x134 ./Core/Src/gpio.o
 .debug_macro   0x000000000002010b      0x1c8 ./Core/Src/main.o
 .debug_macro   0x00000000000202d3      0x1ba ./Core/Src/stm32f4xx_hal_msp.o
 .debug_macro   0x000000000002048d      0x1c4 ./Core/Src/stm32f4xx_it.o
 .debug_macro   0x0000000000020651      0x1b0 ./Core/Src/system_stm32f4xx.o
 .debug_macro   0x0000000000020801      0x210 ./Drivers/STM32F4xx_HAL_Driver/Src/stm32f4xx_hal.o
 .debug_macro   0x0000000000020a11      0x1b0 ./Drivers/STM32F4xx_HAL_Driver/Src/stm32f4xx_hal_cortex.o
 .debug_macro   0x0000000000020bc1      0x1b6 ./Drivers/STM32F4xx_HAL_Driver/Src/stm32f4xx_hal_gpio.o
 .debug_macro   0x0000000000020d77      0x1d4 ./Drivers/STM32F4xx_HAL_Driver/Src/stm32f4xx_hal_rcc.o

.debug_line     0x0000000000000000     0x51ae
 .debug_line    0x0000000000000000      0x6a0 ./Core/Src/gpio.o
 .debug_line    0x00000000000006a0      0x7fc ./Core/Src/main.o
 .debug_line    0x0000000000000e9c      0x686 ./Core/Src/stm32f4xx_hal_msp.o
 .debug_line    0x0000000000001522      0x749 ./Core/Src/stm32f4xx_it.o
 .debug_line    0x0000000000001c6b      0x708 ./Core/Src/system_stm32f4xx.o
 .debug_line    0x0000000000002373       0x88 ./Core/Startup/startup_stm32f427vitx.o
 .debug_line    0x00000000000023fb      0x9a4 ./Drivers/STM32F4xx_HAL_Driver/Src/stm32f4xx_hal.o
 .debug_line    0x0000000000002d9f      0xc1d ./Drivers/STM32F4xx_HAL_Driver/Src/stm32f4xx_hal_cortex.o
 .debug_line    0x00000000000039bc      0xb0a ./Drivers/STM32F4xx_HAL_Driver/Src/stm32f4xx_hal_gpio.o
 .debug_line    0x00000000000044c6      0xce8 ./Drivers/STM32F4xx_HAL_Driver/Src/stm32f4xx_hal_rcc.o

.debug_str      0x0000000000000000    0xc88a7
 .debug_str     0x0000000000000000    0xc71da ./Core/Src/gpio.o
                                      0xc744d (size before relaxing)
 .debug_str     0x00000000000c71da      0x287 ./Core/Src/main.o
                                      0xc7685 (size before relaxing)
 .debug_str     0x00000000000c7461       0x2c ./Core/Src/stm32f4xx_hal_msp.o
                                      0xc7382 (size before relaxing)
 .debug_str     0x00000000000c748d       0xc9 ./Core/Src/stm32f4xx_it.o
                                      0xc72f5 (size before relaxing)
 .debug_str     0x00000000000c7556       0xdb ./Core/Src/system_stm32f4xx.o
                                      0xc7432 (size before relaxing)
 .debug_str     0x00000000000c7631       0x36 ./Core/Startup/startup_stm32f427vitx.o
                                         0x5e (size before relaxing)
 .debug_str     0x00000000000c7667      0xb88 ./Drivers/STM32F4xx_HAL_Driver/Src/stm32f4xx_hal.o
                                      0xc803e (size before relaxing)
 .debug_str     0x00000000000c81ef      0x365 ./Drivers/STM32F4xx_HAL_Driver/Src/stm32f4xx_hal_cortex.o
                                      0xc7d23 (size before relaxing)
 .debug_str     0x00000000000c8554      0x120 ./Drivers/STM32F4xx_HAL_Driver/Src/stm32f4xx_hal_gpio.o
                                      0xc75ad (size before relaxing)
 .debug_str     0x00000000000c8674      0x233 ./Drivers/STM32F4xx_HAL_Driver/Src/stm32f4xx_hal_rcc.o
                                      0xc7866 (size before relaxing)

.comment        0x0000000000000000       0x50
 .comment       0x0000000000000000       0x50 ./Core/Src/gpio.o
                                         0x51 (size before relaxing)
 .comment       0x0000000000000050       0x51 ./Core/Src/main.o
 .comment       0x0000000000000050       0x51 ./Core/Src/stm32f4xx_hal_msp.o
 .comment       0x0000000000000050       0x51 ./Core/Src/stm32f4xx_it.o
 .comment       0x0000000000000050       0x51 ./Core/Src/system_stm32f4xx.o
 .comment       0x0000000000000050       0x51 ./Drivers/STM32F4xx_HAL_Driver/Src/stm32f4xx_hal.o
 .comment       0x0000000000000050       0x51 ./Drivers/STM32F4xx_HAL_Driver/Src/stm32f4xx_hal_cortex.o
 .comment       0x0000000000000050       0x51 ./Drivers/STM32F4xx_HAL_Driver/Src/stm32f4xx_hal_gpio.o
 .comment       0x0000000000000050       0x51 ./Drivers/STM32F4xx_HAL_Driver/Src/stm32f4xx_hal_rcc.o

.debug_frame    0x0000000000000000      0xef4
 .debug_frame   0x0000000000000000       0x34 ./Core/Src/gpio.o
 .debug_frame   0x0000000000000034       0xf4 ./Core/Src/main.o
 .debug_frame   0x0000000000000128       0x38 ./Core/Src/stm32f4xx_hal_msp.o
 .debug_frame   0x0000000000000160      0x104 ./Core/Src/stm32f4xx_it.o
 .debug_frame   0x0000000000000264       0x58 ./Core/Src/system_stm32f4xx.o
 .debug_frame   0x00000000000002bc      0x3b4 ./Drivers/STM32F4xx_HAL_Driver/Src/stm32f4xx_hal.o
 .debug_frame   0x0000000000000670      0x498 ./Drivers/STM32F4xx_HAL_Driver/Src/stm32f4xx_hal_cortex.o
 .debug_frame   0x0000000000000b08      0x14c ./Drivers/STM32F4xx_HAL_Driver/Src/stm32f4xx_hal_gpio.o
 .debug_frame   0x0000000000000c54      0x1f4 ./Drivers/STM32F4xx_HAL_Driver/Src/stm32f4xx_hal_rcc.o
 .debug_frame   0x0000000000000e48       0x2c d:/programs/stm32cubeide_1.9.0/stm32cubeide/plugins/com.st.stm32cube.ide.mcu.externaltools.gnu-tools-for-stm32.10.3-2021.10.win32_1.0.0.202111181127/tools/bin/../lib/gcc/arm-none-eabi/10.3.1/../../../../arm-none-eabi/lib/thumb/v7e-m+fp/hard\libc_nano.a(lib_a-init.o)
 .debug_frame   0x0000000000000e74       0x20 d:/programs/stm32cubeide_1.9.0/stm32cubeide/plugins/com.st.stm32cube.ide.mcu.externaltools.gnu-tools-for-stm32.10.3-2021.10.win32_1.0.0.202111181127/tools/bin/../lib/gcc/arm-none-eabi/10.3.1/../../../../arm-none-eabi/lib/thumb/v7e-m+fp/hard\libc_nano.a(lib_a-memset.o)
 .debug_frame   0x0000000000000e94       0x2c d:/programs/stm32cubeide_1.9.0/stm32cubeide/plugins/com.st.stm32cube.ide.mcu.externaltools.gnu-tools-for-stm32.10.3-2021.10.win32_1.0.0.202111181127/tools/bin/../lib/gcc/arm-none-eabi/10.3.1/thumb/v7e-m+fp/hard\libgcc.a(_aeabi_uldivmod.o)
 .debug_frame   0x0000000000000ec0       0x34 d:/programs/stm32cubeide_1.9.0/stm32cubeide/plugins/com.st.stm32cube.ide.mcu.externaltools.gnu-tools-for-stm32.10.3-2021.10.win32_1.0.0.202111181127/tools/bin/../lib/gcc/arm-none-eabi/10.3.1/thumb/v7e-m+fp/hard\libgcc.a(_udivmoddi4.o)
